// Jest Snapshot v1, https://goo.gl/fbAQLP

exports[`CarouselSlide Img renders correctly 1`] = `
.c0 {
  object-fit: cover;
  width: 100%;
  height: 500px;
}

<img
  className="c0"
  src="https://example.com/slide1.png"
/>
`;

exports[`CarouselSlide renders correctly 1`] = `
<figure>
  <CarouselSlide__defaultImg
    imgHeight={500}
    src="https://example.com/image.png"
  />
  <figcaption>
    <strong>
      Description
       
    </strong>
    Attribution
  </figcaption>
</figure>
`;
